2026-06-17 14:46:03,735 INFO Device confirmed at runtime: mps
2026-06-17 14:46:03,738 INFO Loading data from /Users/shivanshbansal/GitHub/continuitybioML/data/processed/master_dataset.csv
2026-06-17 14:46:03,807 INFO Training-ready rows: 3707 / 4643 total
2026-06-17 14:46:03,810 INFO Split: 2732 train / 519 val / 456 test rows  (276 / 59 / 60 families)
2026-06-17 14:46:03,817 INFO Vienna cache: 6907 entries
2026-06-17 14:46:03,817 INFO Building CondAptNet...
2026-06-17 14:46:05,235 INFO Total params:     45469012
2026-06-17 14:46:05,238 INFO Trainable params: 11967618 (26.32%)
2026-06-17 14:46:05,245 INFO Pre-computing protein embeddings: 325 unique proteins → /Users/shivanshbansal/GitHub/continuitybioML/data/processed/protein_embeddings
2026-06-17 14:46:05,245 INFO   [1/325] cached   (383 aa)
2026-06-17 14:46:05,245 INFO   [2/325] cached   (496 aa)
2026-06-17 14:46:05,246 INFO   [3/325] cached   (142 aa)
2026-06-17 14:46:05,246 INFO   [4/325] cached   (421 aa)
2026-06-17 14:46:05,246 INFO   [5/325] cached   (431 aa)
2026-06-17 14:46:05,246 INFO   [6/325] cached   (394 aa)
2026-06-17 14:46:05,246 INFO   [7/325] cached   (866 aa)
2026-06-17 14:46:05,246 INFO   [8/325] cached   (98 aa)
2026-06-17 14:46:05,246 INFO   [9/325] cached   (763 aa)
2026-06-17 14:46:05,246 INFO   [10/325] cached   (531 aa)
2026-06-17 14:46:05,246 INFO   [11/325] cached   (325 aa)
2026-06-17 14:46:05,246 INFO   [12/325] cached   (391 aa)
2026-06-17 14:46:05,246 INFO   [13/325] cached   (224 aa)
2026-06-17 14:46:05,246 INFO   [14/325] cached   (764 aa)
2026-06-17 14:46:05,246 INFO   [15/325] cached   (1435 aa)
2026-06-17 14:46:05,377 INFO   [16/325] computed  (73 aa → (75, 480) shape)
2026-06-17 14:46:05,377 INFO   [17/325] cached   (210 aa)
2026-06-17 14:46:05,666 INFO   [18/325] computed  (459 aa → (461, 480) shape)
2026-06-17 14:46:05,835 INFO   [19/325] computed  (337 aa → (339, 480) shape)
2026-06-17 14:46:05,835 INFO   [20/325] cached   (262 aa)
2026-06-17 14:46:05,835 INFO   [21/325] cached   (330 aa)
2026-06-17 14:46:05,835 INFO   [22/325] cached   (710 aa)
2026-06-17 14:46:05,835 INFO   [23/325] cached   (458 aa)
2026-06-17 14:46:05,835 INFO   [24/325] cached   (144 aa)
2026-06-17 14:46:05,835 INFO   [25/325] cached   (125 aa)
2026-06-17 14:46:05,835 INFO   [26/325] cached   (404 aa)
2026-06-17 14:46:05,835 INFO   [27/325] cached   (198 aa)
2026-06-17 14:46:05,944 INFO   [28/325] computed  (189 aa → (191, 480) shape)
2026-06-17 14:46:05,944 INFO   [29/325] cached   (273 aa)
2026-06-17 14:46:05,944 INFO   [30/325] cached   (555 aa)
2026-06-17 14:46:05,944 INFO   [31/325] cached   (535 aa)
2026-06-17 14:46:05,944 INFO   [32/325] cached   (300 aa)
2026-06-17 14:46:05,986 INFO   [33/325] computed  (16 aa → (18, 480) shape)
2026-06-17 14:46:05,986 INFO   [34/325] cached   (784 aa)
2026-06-17 14:46:05,986 INFO   [35/325] cached   (412 aa)
2026-06-17 14:46:06,460 INFO   [36/325] computed  (742 aa → (744, 480) shape)
2026-06-17 14:46:06,460 INFO   [37/325] cached   (620 aa)
2026-06-17 14:46:06,460 INFO   [38/325] cached   (834 aa)
2026-06-17 14:46:06,633 INFO   [39/325] computed  (246 aa → (248, 480) shape)
2026-06-17 14:46:06,633 INFO   [40/325] cached   (247 aa)
2026-06-17 14:46:06,633 INFO   [41/325] cached   (200 aa)
2026-06-17 14:46:07,418 INFO   [42/325] computed  (1273 aa → (1024, 480) shape)
2026-06-17 14:46:07,593 INFO   [43/325] computed  (291 aa → (293, 480) shape)
2026-06-17 14:46:07,593 INFO   [44/325] cached   (781 aa)
2026-06-17 14:46:07,593 INFO   [45/325] cached   (562 aa)
2026-06-17 14:46:07,593 INFO   [46/325] cached   (728 aa)
2026-06-17 14:46:07,593 INFO   [47/325] cached   (175 aa)
2026-06-17 14:46:07,593 INFO   [48/325] cached   (1342 aa)
2026-06-17 14:46:07,593 INFO   [49/325] cached   (1210 aa)
2026-06-17 14:46:07,593 INFO   [50/325] cached   (253 aa)
2026-06-17 14:46:07,593 INFO   [51/325] cached   (164 aa)
2026-06-17 14:46:07,593 INFO   [52/325] cached   (169 aa)
2026-06-17 14:46:07,743 INFO   [53/325] computed  (267 aa → (269, 480) shape)
2026-06-17 14:46:07,743 INFO   [54/325] cached   (589 aa)
2026-06-17 14:46:07,743 INFO   [55/325] cached   (1087 aa)
2026-06-17 14:46:07,743 INFO   [56/325] cached   (178 aa)
2026-06-17 14:46:07,743 INFO   [57/325] cached   (524 aa)
2026-06-17 14:46:07,743 INFO   [58/325] cached   (128 aa)
2026-06-17 14:46:07,915 INFO   [59/325] computed  (266 aa → (268, 480) shape)
2026-06-17 14:46:07,915 INFO   [60/325] cached   (213 aa)
2026-06-17 14:46:07,915 INFO   [61/325] cached   (1249 aa)
2026-06-17 14:46:07,915 INFO   [62/325] cached   (655 aa)
2026-06-17 14:46:07,915 INFO   [63/325] cached   (279 aa)
2026-06-17 14:46:07,915 INFO   [64/325] cached   (500 aa)
2026-06-17 14:46:08,315 INFO   [65/325] computed  (670 aa → (672, 480) shape)
2026-06-17 14:46:08,315 INFO   [66/325] cached   (381 aa)
2026-06-17 14:46:08,455 INFO   [67/325] computed  (203 aa → (205, 480) shape)
2026-06-17 14:46:08,455 INFO   [68/325] cached   (299 aa)
2026-06-17 14:46:08,455 INFO   [69/325] cached   (856 aa)
2026-06-17 14:46:08,662 INFO   [70/325] computed  (330 aa → (332, 480) shape)
2026-06-17 14:46:08,662 INFO   [71/325] cached   (280 aa)
2026-06-17 14:46:08,662 INFO   [72/325] cached   (450 aa)
2026-06-17 14:46:08,662 INFO   [73/325] cached   (1390 aa)
2026-06-17 14:46:08,662 INFO   [74/325] cached   (1255 aa)
2026-06-17 14:46:08,870 INFO   [75/325] computed  (390 aa → (392, 480) shape)
2026-06-17 14:46:08,870 INFO   [76/325] cached   (622 aa)
2026-06-17 14:46:08,870 INFO   [77/325] cached   (254 aa)
2026-06-17 14:46:08,870 INFO   [78/325] cached   (302 aa)
2026-06-17 14:46:09,050 INFO   [79/325] computed  (323 aa → (325, 480) shape)
2026-06-17 14:46:09,154 INFO   [80/325] computed  (154 aa → (156, 480) shape)
2026-06-17 14:46:09,154 INFO   [81/325] cached   (223 aa)
2026-06-17 14:46:09,155 INFO   [82/325] cached   (419 aa)
2026-06-17 14:46:09,155 INFO   [83/325] cached   (117 aa)
2026-06-17 14:46:09,155 INFO   [84/325] cached   (254 aa)
2026-06-17 14:46:09,155 INFO   [85/325] cached   (357 aa)
2026-06-17 14:46:09,155 INFO   [86/325] cached   (490 aa)
2026-06-17 14:46:09,155 INFO   [87/325] cached   (276 aa)
2026-06-17 14:46:09,155 INFO   [88/325] cached   (1676 aa)
2026-06-17 14:46:09,155 INFO   [89/325] cached   (397 aa)
2026-06-17 14:46:09,155 INFO   [90/325] cached   (286 aa)
2026-06-17 14:46:09,375 INFO   [91/325] computed  (427 aa → (429, 480) shape)
2026-06-17 14:46:09,375 INFO   [92/325] cached   (616 aa)
2026-06-17 14:46:09,375 INFO   [93/325] cached   (652 aa)
2026-06-17 14:46:09,375 INFO   [94/325] cached   (936 aa)
2026-06-17 14:46:09,375 INFO   [95/325] cached   (211 aa)
2026-06-17 14:46:09,375 INFO   [96/325] cached   (4243 aa)
2026-06-17 14:46:09,375 INFO   [97/325] cached   (297 aa)
2026-06-17 14:46:09,375 INFO   [98/325] cached   (21 aa)
2026-06-17 14:46:09,375 INFO   [99/325] cached   (812 aa)
2026-06-17 14:46:09,375 INFO   [100/325] cached   (144 aa)
2026-06-17 14:46:09,375 INFO   [101/325] cached   (147 aa)
2026-06-17 14:46:09,375 INFO   [102/325] cached   (114 aa)
2026-06-17 14:46:09,375 INFO   [103/325] cached   (346 aa)
2026-06-17 14:46:09,375 INFO   [104/325] cached   (1663 aa)
2026-06-17 14:46:09,375 INFO   [105/325] cached   (538 aa)
2026-06-17 14:46:09,375 INFO   [106/325] cached   (548 aa)
2026-06-17 14:46:09,375 INFO   [107/325] cached   (309 aa)
2026-06-17 14:46:09,375 INFO   [108/325] cached   (763 aa)
2026-06-17 14:46:09,375 INFO   [109/325] cached   (2201 aa)
2026-06-17 14:46:09,375 INFO   [110/325] cached   (526 aa)
2026-06-17 14:46:09,375 INFO   [111/325] cached   (148 aa)
2026-06-17 14:46:09,375 INFO   [112/325] cached   (595 aa)
2026-06-17 14:46:09,375 INFO   [113/325] cached   (452 aa)
2026-06-17 14:46:09,375 INFO   [114/325] cached   (275 aa)
2026-06-17 14:46:09,375 INFO   [115/325] cached   (405 aa)
2026-06-17 14:46:09,375 INFO   [116/325] cached   (187 aa)
2026-06-17 14:46:09,375 INFO   [117/325] cached   (381 aa)
2026-06-17 14:46:09,375 INFO   [118/325] cached   (398 aa)
2026-06-17 14:46:09,375 INFO   [119/325] cached   (441 aa)
2026-06-17 14:46:09,375 INFO   [120/325] cached   (147 aa)
2026-06-17 14:46:09,375 INFO   [121/325] cached   (178 aa)
2026-06-17 14:46:09,375 INFO   [122/325] cached   (1708 aa)
2026-06-17 14:46:09,375 INFO   [123/325] cached   (256 aa)
2026-06-17 14:46:09,375 INFO   [124/325] cached   (256 aa)
2026-06-17 14:46:09,375 INFO   [125/325] cached   (1255 aa)
2026-06-17 14:46:09,904 INFO   [126/325] computed  (866 aa → (868, 480) shape)
2026-06-17 14:46:09,904 INFO   [127/325] cached   (905 aa)
2026-06-17 14:46:09,904 INFO   [128/325] cached   (183 aa)
2026-06-17 14:46:09,904 INFO   [129/325] cached   (633 aa)
2026-06-17 14:46:09,904 INFO   [130/325] cached   (150 aa)
2026-06-17 14:46:09,904 INFO   [131/325] cached   (339 aa)
2026-06-17 14:46:09,904 INFO   [132/325] cached   (302 aa)
2026-06-17 14:46:10,265 INFO   [133/325] computed  (501 aa → (503, 480) shape)
2026-06-17 14:46:10,265 INFO   [134/325] cached   (335 aa)
2026-06-17 14:46:10,265 INFO   [135/325] cached   (85 aa)
2026-06-17 14:46:10,265 INFO   [136/325] cached   (191 aa)
2026-06-17 14:46:10,265 INFO   [137/325] cached   (247 aa)
2026-06-17 14:46:10,265 INFO   [138/325] cached   (805 aa)
2026-06-17 14:46:10,265 INFO   [139/325] cached   (178 aa)
2026-06-17 14:46:10,265 INFO   [140/325] cached   (98 aa)
2026-06-17 14:46:10,265 INFO   [141/325] cached   (609 aa)
2026-06-17 14:46:10,265 INFO   [142/325] cached   (551 aa)
2026-06-17 14:46:10,265 INFO   [143/325] cached   (433 aa)
2026-06-17 14:46:10,265 INFO   [144/325] cached   (466 aa)
2026-06-17 14:46:10,265 INFO   [145/325] cached   (442 aa)
2026-06-17 14:46:10,265 INFO   [146/325] cached   (314 aa)
2026-06-17 14:46:10,265 INFO   [147/325] cached   (23 aa)
2026-06-17 14:46:10,265 INFO   [148/325] cached   (283 aa)
2026-06-17 14:46:10,265 INFO   [149/325] cached   (882 aa)
2026-06-17 14:46:10,265 INFO   [150/325] cached   (406 aa)
2026-06-17 14:46:10,265 INFO   [151/325] cached   (388 aa)
2026-06-17 14:46:10,265 INFO   [152/325] cached   (409 aa)
2026-06-17 14:46:10,265 INFO   [153/325] cached   (182 aa)
2026-06-17 14:46:10,265 INFO   [154/325] cached   (546 aa)
2026-06-17 14:46:10,265 INFO   [155/325] cached   (853 aa)
2026-06-17 14:46:10,265 INFO   [156/325] cached   (266 aa)
2026-06-17 14:46:10,768 INFO   [157/325] computed  (486 aa → (488, 480) shape)
2026-06-17 14:46:10,768 INFO   [158/325] cached   (1035 aa)
2026-06-17 14:46:10,768 INFO   [159/325] cached   (2477 aa)
2026-06-17 14:46:10,768 INFO   [160/325] cached   (676 aa)
2026-06-17 14:46:10,768 INFO   [161/325] cached   (1434 aa)
2026-06-17 14:46:10,768 INFO   [162/325] cached   (102 aa)
2026-06-17 14:46:10,768 INFO   [163/325] cached   (488 aa)
2026-06-17 14:46:10,768 INFO   [164/325] cached   (395 aa)
2026-06-17 14:46:10,768 INFO   [165/325] cached   (598 aa)
2026-06-17 14:46:10,768 INFO   [166/325] cached   (254 aa)
2026-06-17 14:46:10,768 INFO   [167/325] cached   (419 aa)
2026-06-17 14:46:10,768 INFO   [168/325] cached   (1019 aa)
2026-06-17 14:46:10,768 INFO   [169/325] cached   (403 aa)
2026-06-17 14:46:10,769 INFO   [170/325] cached   (168 aa)
2026-06-17 14:46:10,960 INFO   [171/325] computed  (272 aa → (274, 480) shape)
2026-06-17 14:46:10,960 INFO   [172/325] cached   (98 aa)
2026-06-17 14:46:10,960 INFO   [173/325] cached   (1087 aa)
2026-06-17 14:46:10,960 INFO   [174/325] cached   (3423 aa)
2026-06-17 14:46:10,960 INFO   [175/325] cached   (441 aa)
2026-06-17 14:46:10,960 INFO   [176/325] cached   (854 aa)
2026-06-17 14:46:10,960 INFO   [177/325] cached   (397 aa)
2026-06-17 14:46:10,960 INFO   [178/325] cached   (343 aa)
2026-06-17 14:46:10,960 INFO   [179/325] cached   (52 aa)
2026-06-17 14:46:10,960 INFO   [180/325] cached   (245 aa)
2026-06-17 14:46:11,089 INFO   [181/325] computed  (134 aa → (136, 480) shape)
2026-06-17 14:46:11,089 INFO   [182/325] cached   (375 aa)
2026-06-17 14:46:11,089 INFO   [183/325] cached   (189 aa)
2026-06-17 14:46:11,089 INFO   [184/325] cached   (1927 aa)
2026-06-17 14:46:11,089 INFO   [185/325] cached   (756 aa)
2026-06-17 14:46:11,089 INFO   [186/325] cached   (775 aa)
2026-06-17 14:46:11,089 INFO   [187/325] cached   (371 aa)
2026-06-17 14:46:11,089 INFO   [188/325] cached   (570 aa)
2026-06-17 14:46:11,089 INFO   [189/325] cached   (461 aa)
2026-06-17 14:46:11,089 INFO   [190/325] cached   (459 aa)
2026-06-17 14:46:11,089 INFO   [191/325] cached   (500 aa)
2026-06-17 14:46:11,089 INFO   [192/325] cached   (304 aa)
2026-06-17 14:46:11,089 INFO   [193/325] cached   (167 aa)
2026-06-17 14:46:11,089 INFO   [194/325] cached   (1939 aa)
2026-06-17 14:46:11,089 INFO   [195/325] cached   (345 aa)
2026-06-17 14:46:11,089 INFO   [196/325] cached   (1462 aa)
2026-06-17 14:46:11,089 INFO   [197/325] cached   (467 aa)
2026-06-17 14:46:11,089 INFO   [198/325] cached   (883 aa)
2026-06-17 14:46:11,089 INFO   [199/325] cached   (372 aa)
2026-06-17 14:46:11,089 INFO   [200/325] cached   (555 aa)
2026-06-17 14:46:11,089 INFO   [201/325] cached   (193 aa)
2026-06-17 14:46:11,089 INFO   [202/325] cached   (629 aa)
2026-06-17 14:46:11,089 INFO   [203/325] cached   (502 aa)
2026-06-17 14:46:11,089 INFO   [204/325] cached   (1089 aa)
2026-06-17 14:46:11,089 INFO   [205/325] cached   (727 aa)
2026-06-17 14:46:11,089 INFO   [206/325] cached   (739 aa)
2026-06-17 14:46:11,089 INFO   [207/325] cached   (791 aa)
2026-06-17 14:46:11,089 INFO   [208/325] cached   (809 aa)
2026-06-17 14:46:11,089 INFO   [209/325] cached   (634 aa)
2026-06-17 14:46:11,089 INFO   [210/325] cached   (308 aa)
2026-06-17 14:46:11,089 INFO   [211/325] cached   (348 aa)
2026-06-17 14:46:11,089 INFO   [212/325] cached   (839 aa)
2026-06-17 14:46:11,089 INFO   [213/325] cached   (689 aa)
2026-06-17 14:46:11,089 INFO   [214/325] cached   (172 aa)
2026-06-17 14:46:11,089 INFO   [215/325] cached   (148 aa)
2026-06-17 14:46:11,089 INFO   [216/325] cached   (400 aa)
2026-06-17 14:46:11,089 INFO   [217/325] cached   (501 aa)
2026-06-17 14:46:11,089 INFO   [218/325] cached   (724 aa)
2026-06-17 14:46:11,089 INFO   [219/325] cached   (1106 aa)
2026-06-17 14:46:11,089 INFO   [220/325] cached   (297 aa)
2026-06-17 14:46:11,089 INFO   [221/325] cached   (460 aa)
2026-06-17 14:46:11,089 INFO   [222/325] cached   (648 aa)
2026-06-17 14:46:11,089 INFO   [223/325] cached   (1033 aa)
2026-06-17 14:46:11,090 INFO   [224/325] cached   (776 aa)
2026-06-17 14:46:11,090 INFO   [225/325] cached   (268 aa)
2026-06-17 14:46:11,090 INFO   [226/325] cached   (1207 aa)
2026-06-17 14:46:11,090 INFO   [227/325] cached   (859 aa)
2026-06-17 14:46:11,090 INFO   [228/325] cached   (842 aa)
2026-06-17 14:46:11,090 INFO   [229/325] cached   (396 aa)
2026-06-17 14:46:11,090 INFO   [230/325] cached   (2491 aa)
2026-06-17 14:46:11,090 INFO   [231/325] cached   (715 aa)
2026-06-17 14:46:11,090 INFO   [232/325] cached   (34 aa)
2026-06-17 14:46:11,090 INFO   [233/325] cached   (130 aa)
2026-06-17 14:46:11,090 INFO   [234/325] cached   (1070 aa)
2026-06-17 14:46:11,090 INFO   [235/325] cached   (1132 aa)
2026-06-17 14:46:11,090 INFO   [236/325] cached   (303 aa)
2026-06-17 14:46:11,556 INFO   [237/325] computed  (621 aa → (623, 480) shape)
2026-06-17 14:46:11,556 INFO   [238/325] cached   (491 aa)
2026-06-17 14:46:11,556 INFO   [239/325] cached   (193 aa)
2026-06-17 14:46:11,556 INFO   [240/325] cached   (469 aa)
2026-06-17 14:46:11,556 INFO   [241/325] cached   (467 aa)
2026-06-17 14:46:11,556 INFO   [242/325] cached   (434 aa)
2026-06-17 14:46:11,556 INFO   [243/325] cached   (292 aa)
2026-06-17 14:46:11,556 INFO   [244/325] cached   (1732 aa)
2026-06-17 14:46:11,556 INFO   [245/325] cached   (141 aa)
2026-06-17 14:46:11,556 INFO   [246/325] cached   (263 aa)
2026-06-17 14:46:11,556 INFO   [247/325] cached   (93 aa)
2026-06-17 14:46:11,556 INFO   [248/325] cached   (480 aa)
2026-06-17 14:46:11,556 INFO   [249/325] cached   (461 aa)
2026-06-17 14:46:11,556 INFO   [250/325] cached   (468 aa)
2026-06-17 14:46:11,981 INFO   [251/325] computed  (681 aa → (683, 480) shape)
2026-06-17 14:46:11,981 INFO   [252/325] cached   (326 aa)
2026-06-17 14:46:11,981 INFO   [253/325] cached   (1424 aa)
2026-06-17 14:46:11,981 INFO   [254/325] cached   (122 aa)
2026-06-17 14:46:11,981 INFO   [255/325] cached   (79 aa)
2026-06-17 14:46:11,981 INFO   [256/325] cached   (402 aa)
2026-06-17 14:46:11,981 INFO   [257/325] cached   (630 aa)
2026-06-17 14:46:11,981 INFO   [258/325] cached   (1475 aa)
2026-06-17 14:46:11,981 INFO   [259/325] cached   (968 aa)
2026-06-17 14:46:11,981 INFO   [260/325] cached   (442 aa)
2026-06-17 14:46:11,981 INFO   [261/325] cached   (240 aa)
2026-06-17 14:46:11,981 INFO   [262/325] cached   (1585 aa)
2026-06-17 14:46:11,981 INFO   [263/325] cached   (380 aa)
2026-06-17 14:46:11,981 INFO   [264/325] cached   (750 aa)
2026-06-17 14:46:11,981 INFO   [265/325] cached   (241 aa)
2026-06-17 14:46:11,981 INFO   [266/325] cached   (610 aa)
2026-06-17 14:46:11,981 INFO   [267/325] cached   (165 aa)
2026-06-17 14:46:11,981 INFO   [268/325] cached   (698 aa)
2026-06-17 14:46:11,981 INFO   [269/325] cached   (140 aa)
2026-06-17 14:46:11,981 INFO   [270/325] cached   (237 aa)
2026-06-17 14:46:11,981 INFO   [271/325] cached   (138 aa)
2026-06-17 14:46:11,981 INFO   [272/325] cached   (496 aa)
2026-06-17 14:46:11,981 INFO   [273/325] cached   (288 aa)
2026-06-17 14:46:11,981 INFO   [274/325] cached   (180 aa)
2026-06-17 14:46:11,981 INFO   [275/325] cached   (453 aa)
2026-06-17 14:46:11,981 INFO   [276/325] cached   (335 aa)
2026-06-17 14:46:11,981 INFO   [277/325] cached   (498 aa)
2026-06-17 14:46:11,981 INFO   [278/325] cached   (710 aa)
2026-06-17 14:46:11,981 INFO   [279/325] cached   (1078 aa)
2026-06-17 14:46:11,981 INFO   [280/325] cached   (63 aa)
2026-06-17 14:46:11,981 INFO   [281/325] cached   (320 aa)
2026-06-17 14:46:11,981 INFO   [282/325] cached   (333 aa)
2026-06-17 14:46:12,018 INFO   [283/325] computed  (38 aa → (40, 480) shape)
2026-06-17 14:46:12,018 INFO   [284/325] cached   (1174 aa)
2026-06-17 14:46:12,018 INFO   [285/325] cached   (449 aa)
2026-06-17 14:46:12,018 INFO   [286/325] cached   (904 aa)
2026-06-17 14:46:12,018 INFO   [287/325] cached   (223 aa)
2026-06-17 14:46:12,018 INFO   [288/325] cached   (201 aa)
2026-06-17 14:46:12,018 INFO   [289/325] cached   (414 aa)
2026-06-17 14:46:12,018 INFO   [290/325] cached   (474 aa)
2026-06-17 14:46:12,018 INFO   [291/325] cached   (322 aa)
2026-06-17 14:46:12,018 INFO   [292/325] cached   (943 aa)
2026-06-17 14:46:12,018 INFO   [293/325] cached   (562 aa)
2026-06-17 14:46:12,018 INFO   [294/325] cached   (208 aa)
2026-06-17 14:46:12,018 INFO   [295/325] cached   (613 aa)
2026-06-17 14:46:12,018 INFO   [296/325] cached   (196 aa)
2026-06-17 14:46:12,018 INFO   [297/325] cached   (475 aa)
2026-06-17 14:46:12,018 INFO   [298/325] cached   (404 aa)
2026-06-17 14:46:12,018 INFO   [299/325] cached   (390 aa)
2026-06-17 14:46:12,018 INFO   [300/325] cached   (1009 aa)
2026-06-17 14:46:12,018 INFO   [301/325] cached   (109 aa)
2026-06-17 14:46:12,018 INFO   [302/325] cached   (423 aa)
2026-06-17 14:46:12,018 INFO   [303/325] cached   (646 aa)
2026-06-17 14:46:12,018 INFO   [304/325] cached   (844 aa)
2026-06-17 14:46:12,018 INFO   [305/325] cached   (372 aa)
2026-06-17 14:46:12,018 INFO   [306/325] cached   (314 aa)
2026-06-17 14:46:12,018 INFO   [307/325] cached   (351 aa)
2026-06-17 14:46:12,018 INFO   [308/325] cached   (462 aa)
2026-06-17 14:46:12,018 INFO   [309/325] cached   (1447 aa)
2026-06-17 14:46:12,018 INFO   [310/325] cached   (832 aa)
2026-06-17 14:46:12,018 INFO   [311/325] cached   (252 aa)
2026-06-17 14:46:12,018 INFO   [312/325] cached   (227 aa)
2026-06-17 14:46:12,018 INFO   [313/325] cached   (314 aa)
2026-06-17 14:46:12,018 INFO   [314/325] cached   (257 aa)
2026-06-17 14:46:12,018 INFO   [315/325] cached   (422 aa)
2026-06-17 14:46:12,018 INFO   [316/325] cached   (366 aa)
2026-06-17 14:46:12,018 INFO   [317/325] cached   (661 aa)
2026-06-17 14:46:12,018 INFO   [318/325] cached   (147 aa)
2026-06-17 14:46:12,019 INFO   [319/325] cached   (517 aa)
2026-06-17 14:46:12,019 INFO   [320/325] cached   (447 aa)
2026-06-17 14:46:12,262 INFO   [321/325] computed  (475 aa → (477, 480) shape)
2026-06-17 14:46:12,473 INFO   [322/325] computed  (396 aa → (398, 480) shape)
2026-06-17 14:46:12,473 INFO   [323/325] cached   (155 aa)
2026-06-17 14:46:12,473 INFO   [324/325] cached   (332 aa)
2026-06-17 14:46:12,473 INFO   [325/325] cached   (444 aa)
2026-06-17 14:46:12,632 INFO Building datasets (max_prot_len=1024)...
2026-06-17 14:46:13,648 INFO Resuming from /Users/shivanshbansal/GitHub/continuitybioML/models/checkpoints/pretrain/epoch_001.pt
[CondAptNet] Device: mps
Traceback (most recent call last):
  File "/Users/shivanshbansal/GitHub/continuitybioML/scripts/training/train.py", line 614, in <module>
    main()
  File "/Users/shivanshbansal/GitHub/continuitybioML/scripts/training/train.py", line 509, in main
    model.load_state_dict(ckpt["model"])
  File "/Users/shivanshbansal/GitHub/continuitybioML/condaptnet_env/lib/python3.11/site-packages/torch/nn/modules/module.py", line 2639, in load_state_dict
    raise RuntimeError(
RuntimeError: Error(s) in loading state_dict for CondAptNet:
	Unexpected key(s) in state_dict: "cross_attention.condition_encoder._film_heads.256.weight", "cross_attention.condition_encoder._film_heads.256.bias". 
